// Jest Snapshot v1, https://goo.gl/fbAQLP

exports[`<Main /> should render the heading 1`] = `
.c0 {
  background-color: #151716;
  color: #fff;
  width: 100%;
  height: 100%;
  padding: 3rem;
  text-align: center;
  display: -webkit-box;
  display: -webkit-flex;
  display: -ms-flexbox;
  display: flex;
  -webkit-flex-direction: column;
  -ms-flex-direction: column;
  flex-direction: column;
  -webkit-align-items: center;
  -webkit-box-align: center;
  -ms-flex-align: center;
  align-items: center;
  -webkit-box-pack: center;
  -webkit-justify-content: center;
  -ms-flex-pack: center;
  justify-content: center;
}

.c1 {
  width: 25rem;
  margin-bottom: 2rem;
  -webkit-animation-name: bqbtfX;
  animation-name: bqbtfX;
  -webkit-animation-duration: 12s;
  animation-duration: 12s;
  -webkit-animation-iteration-count: infinite;
  animation-iteration-count: infinite;
  -webkit-animation-timing-function: linear;
  animation-timing-function: linear;
}

.c2 {
  font-size: 2.5rem;
  padding-bottom: 2rem;
}

.c3 {
  font-size: 2rem;
  font-weight: 400;
}

.c4 {
  margin-top: 3rem;
  width: min(30rem,100%);
  opacity: 0.6;
}

<main
  class="c0"
>
  <img
    alt="Image of an Atom and Advanced React written on the side."
    class="c1"
    src="/img/logo.svg"
  />
  <h1
    class="c2"
  >
    Boilerplate
  </h1>
  <h2
    class="c3"
  >
    TypeScript, ReactJS, NextJS e Styled Components
  </h2>
  <img
    alt="A developer facing a screen with code."
    class="c4"
    src="/img/code.svg"
  />
</main>
`
